
> tauri-apptraderlogpro@0.1.4 build C:\PROJETOS\TraderLogPro
> vite build

[36mvite v6.4.1 [32mbuilding SSR bundle for production...[36m[39m
transforming...
pnpm : 06:24:21 [vite-plugin-svelte] src/routes/+layout.svelte:24:8 This reference 
only captures the initial value of `isDetached`. Did you mean to reference it inside 
a closure instead?
No linha:1 caractere:1
+ pnpm run build > build_output.txt 2>&1
+ ~~~~~~~~~~~~~~~~~~~~~~~~~~~~~~~~~~~~~~
    + CategoryInfo          : NotSpecified: (06:24:21 [vite-...losure instead?:String 
   ) [], RemoteException
    + FullyQualifiedErrorId : NativeCommandError
 
https://svelte.dev/e/state_referenced_locally
22:   if (typeof window !== "undefined") {
23:     isDetached = window.location.pathname.includes("detached-trade");
24:     if (isDetached) {
                      ^
25:       isSplashFinished = true; // Skip splash for secondary windows
26:     }
06:24:22 [vite-plugin-svelte] src/routes/signup/+page.svelte:358:24 Visible, 
non-interactive elements with a click event must be accompanied by a keyboard event 
handler. Consider whether an interactive element such as `<button type="button">` or 
`<a>` might be more appropriate
https://svelte.dev/e/a11y_click_events_have_key_events
356:                 >
357:                     <Card.Content class="pt-8 space-y-6">
358:                         <div
                                  ^
359:                             class="bg-zinc-900/50 border border-zinc-800 
rounded-2xl p-6 text-center group cursor-pointer hover:border-primary/30 
transition-all"
360:                             onclick={() => {
06:24:22 [vite-plugin-svelte] src/routes/signup/+page.svelte:358:24 `<div>` with a 
click handler must have an ARIA role
https://svelte.dev/e/a11y_no_static_element_interactions
356:                 >
357:                     <Card.Content class="pt-8 space-y-6">
358:                         <div
                                  ^
359:                             class="bg-zinc-900/50 border border-zinc-800 
rounded-2xl p-6 text-center group cursor-pointer hover:border-primary/30 
transition-all"
360:                             onclick={() => {
[32mÔ£ô[39m 50 modules transformed.
[31mÔ£ù[39m Build failed in 1.19s
[31merror during build:
[31m[vite]: Rollup failed to resolve import "date-fns/locale/pt-BR" from 
"C:/PROJETOS/TraderLogPro/src/routes/(app)/+page.svelte".
This is most likely unintended because it can break your application at runtime.
If you do want to externalize this module explicitly add it to
`build.rollupOptions.external`[31m
    at viteLog (file:///C:/PROJETOS/TraderLogPro/node_modules/.pnpm/vite@6.4.1_jiti@2.
6.1_lightningcss@1.30.2_yaml@2.8.2/node_modules/vite/dist/node/chunks/dep-D4NMHUTW.js:
46374:15)
    at file:///C:/PROJETOS/TraderLogPro/node_modules/.pnpm/vite@6.4.1_jiti@2.6.1_light
ningcss@1.30.2_yaml@2.8.2/node_modules/vite/dist/node/chunks/dep-D4NMHUTW.js:46432:18
    at onwarn (file:///C:/PROJETOS/TraderLogPro/node_modules/.pnpm/@sveltejs+kit@2.50.
1_@svelt_d8df48e2bb7a92b088a167d1e6e988a2/node_modules/@sveltejs/kit/src/exports/vite/
index.js:935:9)
    at file:///C:/PROJETOS/TraderLogPro/node_modules/.pnpm/vite@6.4.1_jiti@2.6.1_light
ningcss@1.30.2_yaml@2.8.2/node_modules/vite/dist/node/chunks/dep-D4NMHUTW.js:46430:7
    at onRollupLog (file:///C:/PROJETOS/TraderLogPro/node_modules/.pnpm/vite@6.4.1_jit
i@2.6.1_lightningcss@1.30.2_yaml@2.8.2/node_modules/vite/dist/node/chunks/dep-D4NMHUTW
.js:46422:5)
    at onLog (file:///C:/PROJETOS/TraderLogPro/node_modules/.pnpm/vite@6.4.1_jiti@2.6.
1_lightningcss@1.30.2_yaml@2.8.2/node_modules/vite/dist/node/chunks/dep-D4NMHUTW.js:46
072:7)
    at file:///C:/PROJETOS/TraderLogPro/node_modules/.pnpm/rollup@4.57.0/node_modules/
rollup/dist/es/shared/node-entry.js:20955:32
    at Object.logger [as onLog] (file:///C:/PROJETOS/TraderLogPro/node_modules/.pnpm/r
ollup@4.57.0/node_modules/rollup/dist/es/shared/node-entry.js:22942:9)
    at ModuleLoader.handleInvalidResolvedId (file:///C:/PROJETOS/TraderLogPro/node_mod
ules/.pnpm/rollup@4.57.0/node_modules/rollup/dist/es/shared/node-entry.js:21686:26)
    at file:///C:/PROJETOS/TraderLogPro/node_modules/.pnpm/rollup@4.57.0/node_modules/
rollup/dist/es/shared/node-entry.js:21644:26[39m
ÔÇëELIFECYCLEÔÇë Command failed with exit code 1.
