
Running 2 tests using 2 workers

  Ô£ÿ  1 [chromium] ÔÇ║ tests\auth.spec.ts:5:5 ÔÇ║ Authentication & Onboarding Flow ÔÇ║ should load the app and land on welcome wizard if fresh (5.4s)
node.exe : Failed to navigate. Sidebar state check:
No linha:1 caractere:1
+ & "C:\Users\Farrofa DeBacon\scoop\apps\nodejs-lts\current/node.exe" " ...
+ ~~~~~~~~~~~~~~~~~~~~~~~~~~~~~~~~~~~~~~~~~~~~~~~~~~~~~~~~~~~~~~~~~~~~~
    + CategoryInfo          : NotSpecified: (Failed to navigate. Sidebar state check::String) [], RemoteE 
   xception
    + FullyQualifiedErrorId : NativeCommandError
 
Nav not found
  Ô£ÿ  2 [chromium] ÔÇ║ tests\auth.spec.ts:32:5 ÔÇ║ Authentication & Onboarding Flow ÔÇ║ should navigate to settings and back when onboarding is done (7.6s)


  1) [chromium] ÔÇ║ tests\auth.spec.ts:5:5 ÔÇ║ Authentication & Onboarding Flow ÔÇ║ should load the app and land on welcome wizard if fresh 

    Error: [2mexpect([22m[31mpage[39m[2m).[22mtoHaveTitle[2m([22m[32mexpected[39m[2m)[22m failed

    Expected pattern: [32m/TraderLogPro/[39m
    Received string:  [31m"Tauri + SvelteKit + Typescript App"[39m
    Timeout: 5000ms

    Call log:
    [2m  - Expect "toHaveTitle" with timeout 5000ms[22m
    [2m    9 ├ù unexpected value "Tauri + SvelteKit + Typescript App"[22m


      11 |
      12 |         // Check for title (Wait for SvelteKit to load)
    > 13 |         await expect(page).toHaveTitle(/TraderLogPro/);
         |                            ^
      14 |
      15 |         // Initial check for loading state
      16 |         await page.waitForLoadState('networkidle');
        at C:\PROJETOS\TraderLogPro\tests\auth.spec.ts:13:28

    Error Context: test-results\auth-Authentication-Onboar-ead2a--on-welcome-wizard-if-fresh-chromium\error-context.md

  2) [chromium] ÔÇ║ tests\auth.spec.ts:32:5 ÔÇ║ Authentication & Onboarding Flow ÔÇ║ should navigate to settings and back when onboarding is done 

    Error: locator.click: Error: strict mode violation: locator('a[href="/"]').or(getByRole('link', { name: /Dashboard/i })) resolved to 2 elements:
        1) <a href="/" class="flex items-center gap-2 font-semibold overflow-hidden">ÔÇª</a> aka getByRole('link', { name: 'TraderLog Pro Beta' })
        2) <a href="/" class="flex items-center gap-3 rounded-lg px-3 py-2 transition-all hover:text-primary text-muted-foreground">ÔÇª</a> aka getByRole('link', { name: 'Dashboard' })

    Call log:
    [2m  - waiting for locator('a[href="/"]').or(getByRole('link', { name: /Dashboard/i }))[22m


      48 |             // Go back to dashboard (home)
      49 |             const dashboardLink = page.locator('a[href="/"]').or(page.getByRole('link', { name: /Dashboard/i }));
    > 50 |             await dashboardLink.click();
         |                                 ^
      51 |             await expect(page).toHaveURL(/\//);
      52 |         } catch (e) {
      53 |             console.error('Failed to navigate. Sidebar state check:');
        at C:\PROJETOS\TraderLogPro\tests\auth.spec.ts:50:33

    Error Context: test-results\auth-Authentication-Onboar-c322c-ack-when-onboarding-is-done-chromium\error-context.md

  2 failed
    [chromium] ÔÇ║ tests\auth.spec.ts:5:5 ÔÇ║ Authentication & Onboarding Flow ÔÇ║ should load the app and land on welcome wizard if fresh 
    [chromium] ÔÇ║ tests\auth.spec.ts:32:5 ÔÇ║ Authentication & Onboarding Flow ÔÇ║ should navigate to settings and back when onboarding is done 
